Archive member included to satisfy reference by file (symbol)

e:/apps/stm32cubeide_1.10.0/stm32cubeide/plugins/com.st.stm32cube.ide.mcu.externaltools.gnu-tools-for-stm32.10.3-2021.10.win32_1.0.0.202111181127/tools/bin/../lib/gcc/arm-none-eabi/10.3.1/../../../../arm-none-eabi/lib/thumb/v7-m/nofp\libc_nano.a(lib_a-errno.o)
                              ./Src/syscalls.o (__errno)
e:/apps/stm32cubeide_1.10.0/stm32cubeide/plugins/com.st.stm32cube.ide.mcu.externaltools.gnu-tools-for-stm32.10.3-2021.10.win32_1.0.0.202111181127/tools/bin/../lib/gcc/arm-none-eabi/10.3.1/../../../../arm-none-eabi/lib/thumb/v7-m/nofp\libc_nano.a(lib_a-exit.o)
                              e:/apps/stm32cubeide_1.10.0/stm32cubeide/plugins/com.st.stm32cube.ide.mcu.externaltools.gnu-tools-for-stm32.10.3-2021.10.win32_1.0.0.202111181127/tools/bin/../lib/gcc/arm-none-eabi/10.3.1/../../../../arm-none-eabi/lib/thumb/v7-m/nofp/crt0.o (exit)
e:/apps/stm32cubeide_1.10.0/stm32cubeide/plugins/com.st.stm32cube.ide.mcu.externaltools.gnu-tools-for-stm32.10.3-2021.10.win32_1.0.0.202111181127/tools/bin/../lib/gcc/arm-none-eabi/10.3.1/../../../../arm-none-eabi/lib/thumb/v7-m/nofp\libc_nano.a(lib_a-impure.o)
                              e:/apps/stm32cubeide_1.10.0/stm32cubeide/plugins/com.st.stm32cube.ide.mcu.externaltools.gnu-tools-for-stm32.10.3-2021.10.win32_1.0.0.202111181127/tools/bin/../lib/gcc/arm-none-eabi/10.3.1/../../../../arm-none-eabi/lib/thumb/v7-m/nofp\libc_nano.a(lib_a-exit.o) (_global_impure_ptr)
e:/apps/stm32cubeide_1.10.0/stm32cubeide/plugins/com.st.stm32cube.ide.mcu.externaltools.gnu-tools-for-stm32.10.3-2021.10.win32_1.0.0.202111181127/tools/bin/../lib/gcc/arm-none-eabi/10.3.1/../../../../arm-none-eabi/lib/thumb/v7-m/nofp\libc_nano.a(lib_a-init.o)
                              e:/apps/stm32cubeide_1.10.0/stm32cubeide/plugins/com.st.stm32cube.ide.mcu.externaltools.gnu-tools-for-stm32.10.3-2021.10.win32_1.0.0.202111181127/tools/bin/../lib/gcc/arm-none-eabi/10.3.1/../../../../arm-none-eabi/lib/thumb/v7-m/nofp/crt0.o (__libc_init_array)
e:/apps/stm32cubeide_1.10.0/stm32cubeide/plugins/com.st.stm32cube.ide.mcu.externaltools.gnu-tools-for-stm32.10.3-2021.10.win32_1.0.0.202111181127/tools/bin/../lib/gcc/arm-none-eabi/10.3.1/../../../../arm-none-eabi/lib/thumb/v7-m/nofp\libc_nano.a(lib_a-memset.o)
                              e:/apps/stm32cubeide_1.10.0/stm32cubeide/plugins/com.st.stm32cube.ide.mcu.externaltools.gnu-tools-for-stm32.10.3-2021.10.win32_1.0.0.202111181127/tools/bin/../lib/gcc/arm-none-eabi/10.3.1/../../../../arm-none-eabi/lib/thumb/v7-m/nofp/crt0.o (memset)
e:/apps/stm32cubeide_1.10.0/stm32cubeide/plugins/com.st.stm32cube.ide.mcu.externaltools.gnu-tools-for-stm32.10.3-2021.10.win32_1.0.0.202111181127/tools/bin/../lib/gcc/arm-none-eabi/10.3.1/thumb/v7-m/nofp\libgcc.a(_arm_muldf3.o)
                              ./HAL/LCD/LCD.o (__aeabi_dmul)
e:/apps/stm32cubeide_1.10.0/stm32cubeide/plugins/com.st.stm32cube.ide.mcu.externaltools.gnu-tools-for-stm32.10.3-2021.10.win32_1.0.0.202111181127/tools/bin/../lib/gcc/arm-none-eabi/10.3.1/thumb/v7-m/nofp\libgcc.a(_arm_addsubdf3.o)
                              ./HAL/LCD/LCD.o (__aeabi_dsub)
e:/apps/stm32cubeide_1.10.0/stm32cubeide/plugins/com.st.stm32cube.ide.mcu.externaltools.gnu-tools-for-stm32.10.3-2021.10.win32_1.0.0.202111181127/tools/bin/../lib/gcc/arm-none-eabi/10.3.1/thumb/v7-m/nofp\libgcc.a(_arm_cmpdf2.o)
                              ./HAL/LCD/LCD.o (__aeabi_dcmpeq)
e:/apps/stm32cubeide_1.10.0/stm32cubeide/plugins/com.st.stm32cube.ide.mcu.externaltools.gnu-tools-for-stm32.10.3-2021.10.win32_1.0.0.202111181127/tools/bin/../lib/gcc/arm-none-eabi/10.3.1/thumb/v7-m/nofp\libgcc.a(_arm_fixdfsi.o)
                              ./HAL/LCD/LCD.o (__aeabi_d2iz)

Discarded input sections

 .text          0x0000000000000000        0x0 e:/apps/stm32cubeide_1.10.0/stm32cubeide/plugins/com.st.stm32cube.ide.mcu.externaltools.gnu-tools-for-stm32.10.3-2021.10.win32_1.0.0.202111181127/tools/bin/../lib/gcc/arm-none-eabi/10.3.1/thumb/v7-m/nofp/crti.o
 .data          0x0000000000000000        0x0 e:/apps/stm32cubeide_1.10.0/stm32cubeide/plugins/com.st.stm32cube.ide.mcu.externaltools.gnu-tools-for-stm32.10.3-2021.10.win32_1.0.0.202111181127/tools/bin/../lib/gcc/arm-none-eabi/10.3.1/thumb/v7-m/nofp/crti.o
 .bss           0x0000000000000000        0x0 e:/apps/stm32cubeide_1.10.0/stm32cubeide/plugins/com.st.stm32cube.ide.mcu.externaltools.gnu-tools-for-stm32.10.3-2021.10.win32_1.0.0.202111181127/tools/bin/../lib/gcc/arm-none-eabi/10.3.1/thumb/v7-m/nofp/crti.o
 .data          0x0000000000000000        0x4 e:/apps/stm32cubeide_1.10.0/stm32cubeide/plugins/com.st.stm32cube.ide.mcu.externaltools.gnu-tools-for-stm32.10.3-2021.10.win32_1.0.0.202111181127/tools/bin/../lib/gcc/arm-none-eabi/10.3.1/thumb/v7-m/nofp/crtbegin.o
[...]
Memory Configuration

Name             Origin             Length             Attributes
RAM              0x0000000020000000 0x0000000000005000 xrw
FLASH            0x0000000008000000 0x0000000000010000 xr
*default*        0x0000000000000000 0xffffffffffffffff

Linker script and memory map

LOAD e:/apps/stm32cubeide_1.10.0/stm32cubeide/plugins/com.st.stm32cube.ide.mcu.externaltools.gnu-tools-for-stm32.10.3-2021.10.win32_1.0.0.202111181127/tools/bin/../lib/gcc/arm-none-eabi/10.3.1/thumb/v7-m/nofp/crti.o
LOAD e:/apps/stm32cubeide_1.10.0/stm32cubeide/plugins/com.st.stm32cube.ide.mcu.externaltools.gnu-tools-for-stm32.10.3-2021.10.win32_1.0.0.202111181127/tools/bin/../lib/gcc/arm-none-eabi/10.3.1/thumb/v7-m/nofp/crtbegin.o
LOAD e:/apps/stm32cubeide_1.10.0/stm32cubeide/plugins/com.st.stm32cube.ide.mcu.externaltools.gnu-tools-for-stm32.10.3-2021.10.win32_1.0.0.202111181127/tools/bin/../lib/gcc/arm-none-eabi/10.3.1/../../../../arm-none-eabi/lib/thumb/v7-m/nofp/crt0.o
LOAD ./Application/SACS.o
LOAD ./HAL/IR/IR.o
LOAD ./HAL/Keypad/Keypad.o
LOAD ./HAL/LCD/LCD.o
LOAD ./HAL/Light/Light.o
LOAD ./HAL/PC_Display/PC_Display.o
LOAD ./STM32F103_MCAL/EXTI/EXTI.o
LOAD ./STM32F103_MCAL/GPIO/gpio.o
LOAD ./STM32F103_MCAL/RCC/RCC.o
LOAD ./STM32F103_MCAL/SPI/SPI.o
LOAD ./STM32F103_MCAL/UART/UART.o
LOAD ./Src/main.o
LOAD ./Src/syscalls.o
LOAD ./Src/sysmem.o
LOAD ./Startup/startup_stm32f103c8tx.o
START GROUP
LOAD e:/apps/stm32cubeide_1.10.0/stm32cubeide/plugins/com.st.stm32cube.ide.mcu.externaltools.gnu-tools-for-stm32.10.3-2021.10.win32_1.0.0.202111181127/tools/bin/../lib/gcc/arm-none-eabi/10.3.1/../../../../arm-none-eabi/lib/thumb/v7-m/nofp\libc_nano.a
LOAD e:/apps/stm32cubeide_1.10.0/stm32cubeide/plugins/com.st.stm32cube.ide.mcu.externaltools.gnu-tools-for-stm32.10.3-2021.10.win32_1.0.0.202111181127/tools/bin/../lib/gcc/arm-none-eabi/10.3.1/../../../../arm-none-eabi/lib/thumb/v7-m/nofp\libm.a
END GROUP
START GROUP
LOAD e:/apps/stm32cubeide_1.10.0/stm32cubeide/plugins/com.st.stm32cube.ide.mcu.externaltools.gnu-tools-for-stm32.10.3-2021.10.win32_1.0.0.202111181127/tools/bin/../lib/gcc/arm-none-eabi/10.3.1/thumb/v7-m/nofp\libgcc.a
LOAD e:/apps/stm32cubeide_1.10.0/stm32cubeide/plugins/com.st.stm32cube.ide.mcu.externaltools.gnu-tools-for-stm32.10.3-2021.10.win32_1.0.0.202111181127/tools/bin/../lib/gcc/arm-none-eabi/10.3.1/../../../../arm-none-eabi/lib/thumb/v7-m/nofp\libc_nano.a
END GROUP
START GROUP
LOAD e:/apps/stm32cubeide_1.10.0/stm32cubeide/plugins/com.st.stm32cube.ide.mcu.externaltools.gnu-tools-for-stm32.10.3-2021.10.win32_1.0.0.202111181127/tools/bin/../lib/gcc/arm-none-eabi/10.3.1/thumb/v7-m/nofp\libgcc.a
LOAD e:/apps/stm32cubeide_1.10.0/stm32cubeide/plugins/com.st.stm32cube.ide.mcu.externaltools.gnu-tools-for-stm32.10.3-2021.10.win32_1.0.0.202111181127/tools/bin/../lib/gcc/arm-none-eabi/10.3.1/../../../../arm-none-eabi/lib/thumb/v7-m/nofp\libc_nano.a
LOAD e:/apps/stm32cubeide_1.10.0/stm32cubeide/plugins/com.st.stm32cube.ide.mcu.externaltools.gnu-tools-for-stm32.10.3-2021.10.win32_1.0.0.202111181127/tools/bin/../lib/gcc/arm-none-eabi/10.3.1/../../../../arm-none-eabi/lib/thumb/v7-m/nofp\libnosys.a
END GROUP
START GROUP
LOAD e:/apps/stm32cubeide_1.10.0/stm32cubeide/plugins/com.st.stm32cube.ide.mcu.externaltools.gnu-tools-for-stm32.10.3-2021.10.win32_1.0.0.202111181127/tools/bin/../lib/gcc/arm-none-eabi/10.3.1/thumb/v7-m/nofp\libgcc.a
LOAD e:/apps/stm32cubeide_1.10.0/stm32cubeide/plugins/com.st.stm32cube.ide.mcu.externaltools.gnu-tools-for-stm32.10.3-2021.10.win32_1.0.0.202111181127/tools/bin/../lib/gcc/arm-none-eabi/10.3.1/../../../../arm-none-eabi/lib/thumb/v7-m/nofp\libc_nano.a
LOAD e:/apps/stm32cubeide_1.10.0/stm32cubeide/plugins/com.st.stm32cube.ide.mcu.externaltools.gnu-tools-for-stm32.10.3-2021.10.win32_1.0.0.202111181127/tools/bin/../lib/gcc/arm-none-eabi/10.3.1/../../../../arm-none-eabi/lib/thumb/v7-m/nofp\libnosys.a
END GROUP
LOAD e:/apps/stm32cubeide_1.10.0/stm32cubeide/plugins/com.st.stm32cube.ide.mcu.externaltools.gnu-tools-for-stm32.10.3-2021.10.win32_1.0.0.202111181127/tools/bin/../lib/gcc/arm-none-eabi/10.3.1/thumb/v7-m/nofp/crtend.o
LOAD e:/apps/stm32cubeide_1.10.0/stm32cubeide/plugins/com.st.stm32cube.ide.mcu.externaltools.gnu-tools-for-stm32.10.3-2021.10.win32_1.0.0.202111181127/tools/bin/../lib/gcc/arm-none-eabi/10.3.1/thumb/v7-m/nofp/crtn.o
                0x0000000020005000                _estack = (ORIGIN (RAM) + LENGTH (RAM))
                0x0000000000000200                _Min_Heap_Size = 0x200
                0x0000000000000400                _Min_Stack_Size = 0x400

.isr_vector     0x0000000008000000      0x130
                0x0000000008000000                . = ALIGN (0x4)
 *(.isr_vector)
 .isr_vector    0x0000000008000000      0x130 ./Startup/startup_stm32f103c8tx.o
                0x0000000008000000                g_pfnVectors
                0x0000000008000130                . = ALIGN (0x4)

.text           0x0000000008000130     0x1750
                0x0000000008000130                . = ALIGN (0x4)
 *(.text)
 .text          0x0000000008000130       0x40 e:/apps/stm32cubeide_1.10.0/stm32cubeide/plugins/com.st.stm32cube.ide.mcu.externaltools.gnu-tools-for-stm32.10.3-2021.10.win32_1.0.0.202111181127/tools/bin/../lib/gcc/arm-none-eabi/10.3.1/thumb/v7-m/nofp/crtbegin.o
 *(.text*)
 .text.SACS_Init
                0x0000000008000170       0x54 ./Application/SACS.o
                0x0000000008000170                SACS_Init
 .text.SACS_Start
                0x00000000080001c4       0xbc ./Application/SACS.o
                0x00000000080001c4                SACS_Start
 .text.Button_ISR
                0x0000000008000280       0x34 ./Application/SACS.o
                0x0000000008000280                Button_ISR
 .text.IR_Init  0x00000000080002b4       0x6c ./HAL/IR/IR.o
                0x00000000080002b4                IR_Init
 .text.IR_Read_Status
                0x0000000008000320       0x84 ./HAL/IR/IR.o
                0x0000000008000320                IR_Read_Status
 .text.LCD_Init
                0x00000000080003a4       0xe4 ./HAL/LCD/LCD.o
                0x00000000080003a4                LCD_Init
 .text.LCD_Write_Command
                0x0000000008000488      0x1ac ./HAL/LCD/LCD.o
                0x0000000008000488                LCD_Write_Command
 .text.LCD_Write_Char
                0x0000000008000634      0x1ac ./HAL/LCD/LCD.o
                0x0000000008000634                LCD_Write_Char
 .text.LCD_Write_String
                0x00000000080007e0       0x38 ./HAL/LCD/LCD.o
                0x00000000080007e0                LCD_Write_String
 .text.Light_Init
                0x0000000008000818       0x6c ./HAL/Light/Light.o
                0x0000000008000818                Light_Init
 .text.Light_On
                0x0000000008000884       0x64 ./HAL/Light/Light.o
                0x0000000008000884                Light_On
 .text.Light_Off
                0x00000000080008e8       0x64 ./HAL/Light/Light.o
                0x00000000080008e8                Light_Off
 .text.PC_Display_Init
                0x000000000800094c       0x3c ./HAL/PC_Display/PC_Display.o
                0x000000000800094c                PC_Display_Init
 .text.PC_Display_Write
                0x0000000008000988       0x1c ./HAL/PC_Display/PC_Display.o
                0x0000000008000988                PC_Display_Write
 .text.EXTI_GPIO_Init
                0x00000000080009a4      0x2a8 ./STM32F103_MCAL/EXTI/EXTI.o
                0x00000000080009a4                EXTI_GPIO_Init
 .text.NVIC_Enable
                0x0000000008000c4c       0xcc ./STM32F103_MCAL/EXTI/EXTI.o
                0x0000000008000c4c                NVIC_Enable
 .text.NVIC_Disable
                0x0000000008000d18       0xcc ./STM32F103_MCAL/EXTI/EXTI.o
                0x0000000008000d18                NVIC_Disable
 .text.EXTI0_IRQHandler
                0x0000000008000de4       0x24 ./STM32F103_MCAL/EXTI/EXTI.o
                0x0000000008000de4                EXTI0_IRQHandler
 .text.EXTI1_IRQHandler
                0x0000000008000e08       0x24 ./STM32F103_MCAL/EXTI/EXTI.o
                0x0000000008000e08                EXTI1_IRQHandler
 .text.EXTI2_IRQHandler
                0x0000000008000e2c       0x24 ./STM32F103_MCAL/EXTI/EXTI.o
                0x0000000008000e2c                EXTI2_IRQHandler
 .text.EXTI3_IRQHandler
                0x0000000008000e50       0x24 ./STM32F103_MCAL/EXTI/EXTI.o
                0x0000000008000e50                EXTI3_IRQHandler
 .text.EXTI4_IRQHandler
                0x0000000008000e74       0x24 ./STM32F103_MCAL/EXTI/EXTI.o
                0x0000000008000e74                EXTI4_IRQHandler
 .text.EXTI9_5_IRQHandler
                0x0000000008000e98       0xb0 ./STM32F103_MCAL/EXTI/EXTI.o
                0x0000000008000e98                EXTI9_5_IRQHandler
 .text.EXTI15_10_IRQHandler
                0x0000000008000f48       0xd0 ./STM32F103_MCAL/EXTI/EXTI.o
                0x0000000008000f48                EXTI15_10_IRQHandler
 .text.MCAL_GPIO_Init
                0x0000000008001018      0x150 ./STM32F103_MCAL/GPIO/gpio.o
                0x0000000008001018                MCAL_GPIO_Init
 .text.MCAL_GPIO_ReadPin
                0x0000000008001168       0x2a ./STM32F103_MCAL/GPIO/gpio.o
                0x0000000008001168                MCAL_GPIO_ReadPin
 .text.MCAL_GPIO_WritePin
                0x0000000008001192       0x48 ./STM32F103_MCAL/GPIO/gpio.o
                0x0000000008001192                MCAL_GPIO_WritePin
 .text.delay_ms
                0x00000000080011da       0x32 ./STM32F103_MCAL/GPIO/gpio.o
                0x00000000080011da                delay_ms
 .text.RCC_GetSysCLK
                0x000000000800120c       0x1c ./STM32F103_MCAL/RCC/RCC.o
                0x000000000800120c                RCC_GetSysCLK
 .text.RCC_GetHCLKFreq
                0x0000000008001228       0x34 ./STM32F103_MCAL/RCC/RCC.o
                0x0000000008001228                RCC_GetHCLKFreq
 .text.RCC_GetPCLK1Freq
                0x000000000800125c       0x34 ./STM32F103_MCAL/RCC/RCC.o
                0x000000000800125c                RCC_GetPCLK1Freq
 .text.RCC_GetPCLK2Freq
                0x0000000008001290       0x34 ./STM32F103_MCAL/RCC/RCC.o
                0x0000000008001290                RCC_GetPCLK2Freq
 .text.SPI1_IRQHandler
                0x00000000080012c4       0x58 ./STM32F103_MCAL/SPI/SPI.o
                0x00000000080012c4                SPI1_IRQHandler
 .text.SPI2_IRQHandler
                0x000000000800131c       0x58 ./STM32F103_MCAL/SPI/SPI.o
                0x000000000800131c                SPI2_IRQHandler
 .text.USARTx_Init
                0x0000000008001374      0x390 ./STM32F103_MCAL/UART/UART.o
                0x0000000008001374                USARTx_Init
 .text.USARTx_Write
                0x0000000008001704       0x3e ./STM32F103_MCAL/UART/UART.o
                0x0000000008001704                USARTx_Write
 .text.USARTx_SendString
                0x0000000008001742       0x3e ./STM32F103_MCAL/UART/UART.o
                0x0000000008001742                USARTx_SendString
 .text.USART1_IRQHandler
                0x0000000008001780       0x14 ./STM32F103_MCAL/UART/UART.o
                0x0000000008001780                USART1_IRQHandler
 .text.USART2_IRQHandler
                0x0000000008001794       0x14 ./STM32F103_MCAL/UART/UART.o
                0x0000000008001794                USART2_IRQHandler
 .text.USART3_IRQHandler
                0x00000000080017a8       0x14 ./STM32F103_MCAL/UART/UART.o
                0x00000000080017a8                USART3_IRQHandler
 .text.main     0x00000000080017bc        0xe ./Src/main.o
                0x00000000080017bc                main
 *fill*         0x00000000080017ca        0x2 
 .text.Reset_Handler
                0x00000000080017cc       0x50 ./Startup/startup_stm32f103c8tx.o
                0x00000000080017cc                Reset_Handler
 .text.Default_Handler
                0x000000000800181c        0x2 ./Startup/startup_stm32f103c8tx.o
                0x000000000800181c                TIM8_TRG_COM_IRQHandler
                0x000000000800181c                TIM8_CC_IRQHandler
                0x000000000800181c                DebugMon_Handler
                0x000000000800181c                TIM1_CC_IRQHandler
                0x000000000800181c                HardFault_Handler
                0x000000000800181c                TIM6_IRQHandler
                0x000000000800181c                SysTick_Handler
                0x000000000800181c                PVD_IRQHandler
                0x000000000800181c                SDIO_IRQHandler
                0x000000000800181c                PendSV_Handler
                0x000000000800181c                NMI_Handler
                0x000000000800181c                USB_HP_CAN_TX_IRQHandler
                0x000000000800181c                I2C2_EV_IRQHandler
                0x000000000800181c                UsageFault_Handler
                0x000000000800181c                ADC1_2_IRQHandler
                0x000000000800181c                CAN_SCE_IRQHandler
                0x000000000800181c                TAMPER_IRQHandler
                0x000000000800181c                TIM8_UP_IRQHandler
                0x000000000800181c                DMA2_Channel2_IRQHandler
                0x000000000800181c                DMA1_Channel4_IRQHandler
                0x000000000800181c                RTC_IRQHandler
                0x000000000800181c                DMA1_Channel7_IRQHandler
                0x000000000800181c                UART5_IRQHandler
                0x000000000800181c                ADC3_IRQHandler
                0x000000000800181c                TIM4_IRQHandler
                0x000000000800181c                CAN_RX1_IRQHandler
                0x000000000800181c                DMA2_Channel1_IRQHandler
                0x000000000800181c                I2C1_EV_IRQHandler
                0x000000000800181c                DMA1_Channel6_IRQHandler
                0x000000000800181c                UART4_IRQHandler
                0x000000000800181c                TIM3_IRQHandler
                0x000000000800181c                RCC_IRQHandler
                0x000000000800181c                TIM1_TRG_COM_IRQHandler
                0x000000000800181c                DMA1_Channel1_IRQHandler
                0x000000000800181c                Default_Handler
                0x000000000800181c                TIM7_IRQHandler
                0x000000000800181c                TIM5_IRQHandler
                0x000000000800181c                USB_LP_CAN_RX0_IRQHandler
                0x000000000800181c                MemManage_Handler
                0x000000000800181c                SVC_Handler
                0x000000000800181c                DMA1_Channel5_IRQHandler
                0x000000000800181c                DMA1_Channel3_IRQHandler
                0x000000000800181c                FSMC_IRQHandler
                0x000000000800181c                TIM1_UP_IRQHandler
                0x000000000800181c                WWDG_IRQHandler
                0x000000000800181c                TIM2_IRQHandler
                0x000000000800181c                TIM1_BRK_IRQHandler
                0x000000000800181c                RTCAlarm_IRQHandler
                0x000000000800181c                DMA2_Channel4_5_IRQHandler
                0x000000000800181c                I2C2_ER_IRQHandler
                0x000000000800181c                DMA1_Channel2_IRQHandler
                0x000000000800181c                TIM8_BRK_IRQHandler
                0x000000000800181c                FLASH_IRQHandler
                0x000000000800181c                BusFault_Handler
                0x000000000800181c                SPI3_IRQHandler
                0x000000000800181c                I2C1_ER_IRQHandler
                0x000000000800181c                DMA2_Channel3_IRQHandler
 *fill*         0x000000000800181e        0x2 
 .text.__libc_init_array
                0x0000000008001820       0x48 e:/apps/stm32cubeide_1.10.0/stm32cubeide/plugins/com.st.stm32cube.ide.mcu.externaltools.gnu-tools-for-stm32.10.3-2021.10.win32_1.0.0.202111181127/tools/bin/../lib/gcc/arm-none-eabi/10.3.1/../../../../arm-none-eabi/lib/thumb/v7-m/nofp\libc_nano.a(lib_a-init.o)
                0x0000000008001820                __libc_init_array
 *(.glue_7)
 .glue_7        0x0000000008001868        0x0 linker stubs
 *(.glue_7t)
 .glue_7t       0x0000000008001868        0x0 linker stubs
 *(.eh_frame)
 .eh_frame      0x0000000008001868        0x0 e:/apps/stm32cubeide_1.10.0/stm32cubeide/plugins/com.st.stm32cube.ide.mcu.externaltools.gnu-tools-for-stm32.10.3-2021.10.win32_1.0.0.202111181127/tools/bin/../lib/gcc/arm-none-eabi/10.3.1/thumb/v7-m/nofp/crtbegin.o
 *(.init)
 .init          0x0000000008001868        0x4 e:/apps/stm32cubeide_1.10.0/stm32cubeide/plugins/com.st.stm32cube.ide.mcu.externaltools.gnu-tools-for-stm32.10.3-2021.10.win32_1.0.0.202111181127/tools/bin/../lib/gcc/arm-none-eabi/10.3.1/thumb/v7-m/nofp/crti.o
                0x0000000008001868                _init
 .init          0x000000000800186c        0x8 e:/apps/stm32cubeide_1.10.0/stm32cubeide/plugins/com.st.stm32cube.ide.mcu.externaltools.gnu-tools-for-stm32.10.3-2021.10.win32_1.0.0.202111181127/tools/bin/../lib/gcc/arm-none-eabi/10.3.1/thumb/v7-m/nofp/crtn.o
 *(.fini)
 .fini          0x0000000008001874        0x4 e:/apps/stm32cubeide_1.10.0/stm32cubeide/plugins/com.st.stm32cube.ide.mcu.externaltools.gnu-tools-for-stm32.10.3-2021.10.win32_1.0.0.202111181127/tools/bin/../lib/gcc/arm-none-eabi/10.3.1/thumb/v7-m/nofp/crti.o
                0x0000000008001874                _fini
 .fini          0x0000000008001878        0x8 e:/apps/stm32cubeide_1.10.0/stm32cubeide/plugins/com.st.stm32cube.ide.mcu.externaltools.gnu-tools-for-stm32.10.3-2021.10.win32_1.0.0.202111181127/tools/bin/../lib/gcc/arm-none-eabi/10.3.1/thumb/v7-m/nofp/crtn.o
                0x0000000008001880                . = ALIGN (0x4)
                0x0000000008001880                _etext = .

.vfp11_veneer   0x0000000008001880        0x0
 .vfp11_veneer  0x0000000008001880        0x0 linker stubs

.v4_bx          0x0000000008001880        0x0
 .v4_bx         0x0000000008001880        0x0 linker stubs

.iplt           0x0000000008001880        0x0
 .iplt          0x0000000008001880        0x0 e:/apps/stm32cubeide_1.10.0/stm32cubeide/plugins/com.st.stm32cube.ide.mcu.externaltools.gnu-tools-for-stm32.10.3-2021.10.win32_1.0.0.202111181127/tools/bin/../lib/gcc/arm-none-eabi/10.3.1/thumb/v7-m/nofp/crtbegin.o

.rodata         0x0000000008001880       0x30
                0x0000000008001880                . = ALIGN (0x4)
 *(.rodata)
 .rodata        0x0000000008001880       0x18 ./Application/SACS.o
 .rodata        0x0000000008001898       0x18 ./HAL/LCD/LCD.o
 *(.rodata*)
                0x00000000080018b0                . = ALIGN (0x4)

.rel.dyn        0x00000000080018b0        0x0
 .rel.iplt      0x00000000080018b0        0x0 e:/apps/stm32cubeide_1.10.0/stm32cubeide/plugins/com.st.stm32cube.ide.mcu.externaltools.gnu-tools-for-stm32.10.3-2021.10.win32_1.0.0.202111181127/tools/bin/../lib/gcc/arm-none-eabi/10.3.1/thumb/v7-m/nofp/crtbegin.o

.ARM.extab      0x00000000080018b0        0x0
                0x00000000080018b0                . = ALIGN (0x4)
 *(.ARM.extab* .gnu.linkonce.armextab.*)
                0x00000000080018b0                . = ALIGN (0x4)

.ARM            0x00000000080018b0        0x0
                0x00000000080018b0                . = ALIGN (0x4)
                0x00000000080018b0                __exidx_start = .
 *(.ARM.exidx*)
                0x00000000080018b0                __exidx_end = .
                0x00000000080018b0                . = ALIGN (0x4)

.preinit_array  0x00000000080018b0        0x0
                0x00000000080018b0                . = ALIGN (0x4)
                0x00000000080018b0                PROVIDE (__preinit_array_start = .)
 *(.preinit_array*)
                0x00000000080018b0                PROVIDE (__preinit_array_end = .)
                0x00000000080018b0                . = ALIGN (0x4)

.init_array     0x00000000080018b0        0x4
                0x00000000080018b0                . = ALIGN (0x4)
                0x00000000080018b0                PROVIDE (__init_array_start = .)
 *(SORT_BY_NAME(.init_array.*))
 *(.init_array*)
 .init_array    0x00000000080018b0        0x4 e:/apps/stm32cubeide_1.10.0/stm32cubeide/plugins/com.st.stm32cube.ide.mcu.externaltools.gnu-tools-for-stm32.10.3-2021.10.win32_1.0.0.202111181127/tools/bin/../lib/gcc/arm-none-eabi/10.3.1/thumb/v7-m/nofp/crtbegin.o
                0x00000000080018b4                PROVIDE (__init_array_end = .)
                0x00000000080018b4                . = ALIGN (0x4)

.fini_array     0x00000000080018b4        0x4
                0x00000000080018b4                . = ALIGN (0x4)
                [!provide]                        PROVIDE (__fini_array_start = .)
 *(SORT_BY_NAME(.fini_array.*))
 *(.fini_array*)
 .fini_array    0x00000000080018b4        0x4 e:/apps/stm32cubeide_1.10.0/stm32cubeide/plugins/com.st.stm32cube.ide.mcu.externaltools.gnu-tools-for-stm32.10.3-2021.10.win32_1.0.0.202111181127/tools/bin/../lib/gcc/arm-none-eabi/10.3.1/thumb/v7-m/nofp/crtbegin.o
                [!provide]                        PROVIDE (__fini_array_end = .)
                0x00000000080018b8                . = ALIGN (0x4)
                0x00000000080018b8                _sidata = LOADADDR (.data)

.data           0x0000000020000000       0x1c load address 0x00000000080018b8
                0x0000000020000000                . = ALIGN (0x4)
                0x0000000020000000                _sdata = .
 *(.data)
 *(.data*)
 .data.last_light_state
                0x0000000020000000        0x1 ./Application/SACS.o
                0x0000000020000000                last_light_state
 *fill*         0x0000000020000001        0x3 
 .data.APB_Prescaler
                0x0000000020000004        0x8 ./STM32F103_MCAL/RCC/RCC.o
                0x0000000020000004                APB_Prescaler
 .data.AHB_Prescaler
                0x000000002000000c       0x10 ./STM32F103_MCAL/RCC/RCC.o
                0x000000002000000c                AHB_Prescaler
 *(.RamFunc)
 *(.RamFunc*)
                0x000000002000001c                . = ALIGN (0x4)
                0x000000002000001c                _edata = .

.igot.plt       0x000000002000001c        0x0 load address 0x00000000080018d4
 .igot.plt      0x000000002000001c        0x0 e:/apps/stm32cubeide_1.10.0/stm32cubeide/plugins/com.st.stm32cube.ide.mcu.externaltools.gnu-tools-for-stm32.10.3-2021.10.win32_1.0.0.202111181127/tools/bin/../lib/gcc/arm-none-eabi/10.3.1/thumb/v7-m/nofp/crtbegin.o
                0x000000002000001c                . = ALIGN (0x4)

.bss            0x000000002000001c       0x74 load address 0x00000000080018d4
                0x000000002000001c                _sbss = .
                0x000000002000001c                __bss_start__ = _sbss
 *(.bss)
 .bss           0x000000002000001c       0x1c e:/apps/stm32cubeide_1.10.0/stm32cubeide/plugins/com.st.stm32cube.ide.mcu.externaltools.gnu-tools-for-stm32.10.3-2021.10.win32_1.0.0.202111181127/tools/bin/../lib/gcc/arm-none-eabi/10.3.1/thumb/v7-m/nofp/crtbegin.o
 *(.bss*)
 .bss.IR_s      0x0000000020000038        0x1 ./Application/SACS.o
                0x0000000020000038                IR_s
 .bss.Light_Flag
                0x0000000020000039        0x1 ./Application/SACS.o
                0x0000000020000039                Light_Flag
 *fill*         0x000000002000003a        0x2 
 .bss.GP_IRQ_CallBack
                0x000000002000003c       0x3c ./STM32F103_MCAL/EXTI/EXTI.o
                0x000000002000003c                GP_IRQ_CallBack
 .bss.SPIx_IRQ_CallBack
                0x0000000020000078        0x8 ./STM32F103_MCAL/SPI/SPI.o
                0x0000000020000078                SPIx_IRQ_CallBack
 .bss.USARTx_IRQ_CallBack
                0x0000000020000080        0xc ./STM32F103_MCAL/UART/UART.o
                0x0000000020000080                USARTx_IRQ_CallBack
 .bss.PCLK      0x000000002000008c        0x4 ./STM32F103_MCAL/UART/UART.o
                0x000000002000008c                PCLK
 *(COMMON)
                0x0000000020000090                . = ALIGN (0x4)
                0x0000000020000090                _ebss = .
                0x0000000020000090                __bss_end__ = _ebss

._user_heap_stack
                0x0000000020000090      0x600 load address 0x00000000080018d4
                0x0000000020000090                . = ALIGN (0x8)
                [!provide]                        PROVIDE (end = .)
                0x0000000020000090                PROVIDE (_end = .)
                0x0000000020000290                . = (. + _Min_Heap_Size)
 *fill*         0x0000000020000090      0x200 
                0x0000000020000690                . = (. + _Min_Stack_Size)
 *fill*         0x0000000020000290      0x400 
                0x0000000020000690                . = ALIGN (0x8)

/DISCARD/
 libc.a(*)
 libm.a(*)
 libgcc.a(*)

.ARM.attributes
                0x0000000000000000       0x29
 *(.ARM.attributes)
 .ARM.attributes
                0x0000000000000000       0x1d e:/apps/stm32cubeide_1.10.0/stm32cubeide/plugins/com.st.stm32cube.ide.mcu.externaltools.gnu-tools-for-stm32.10.3-2021.10.win32_1.0.0.202111181127/tools/bin/../lib/gcc/arm-none-eabi/10.3.1/thumb/v7-m/nofp/crti.o
 .ARM.attributes
                0x000000000000001d       0x2d e:/apps/stm32cubeide_1.10.0/stm32cubeide/plugins/com.st.stm32cube.ide.mcu.externaltools.gnu-tools-for-stm32.10.3-2021.10.win32_1.0.0.202111181127/tools/bin/../lib/gcc/arm-none-eabi/10.3.1/thumb/v7-m/nofp/crtbegin.o
 .ARM.attributes
                0x000000000000004a       0x2d ./Application/SACS.o
 .ARM.attributes
                0x0000000000000077       0x2d ./HAL/IR/IR.o
 .ARM.attributes
                0x00000000000000a4       0x2d ./HAL/LCD/LCD.o
 .ARM.attributes
                0x00000000000000d1       0x2d ./HAL/Light/Light.o
 .ARM.attributes
                0x00000000000000fe       0x2d ./HAL/PC_Display/PC_Display.o
 .ARM.attributes
                0x000000000000012b       0x2d ./STM32F103_MCAL/EXTI/EXTI.o
 .ARM.attributes
                0x0000000000000158       0x2d ./STM32F103_MCAL/GPIO/gpio.o
 .ARM.attributes
                0x0000000000000185       0x2d ./STM32F103_MCAL/RCC/RCC.o
 .ARM.attributes
                0x00000000000001b2       0x2d ./STM32F103_MCAL/SPI/SPI.o
 .ARM.attributes
                0x00000000000001df       0x2d ./STM32F103_MCAL/UART/UART.o
 .ARM.attributes
                0x000000000000020c       0x2d ./Src/main.o
 .ARM.attributes
                0x0000000000000239       0x21 ./Startup/startup_stm32f103c8tx.o
 .ARM.attributes
                0x000000000000025a       0x2d e:/apps/stm32cubeide_1.10.0/stm32cubeide/plugins/com.st.stm32cube.ide.mcu.externaltools.gnu-tools-for-stm32.10.3-2021.10.win32_1.0.0.202111181127/tools/bin/../lib/gcc/arm-none-eabi/10.3.1/../../../../arm-none-eabi/lib/thumb/v7-m/nofp\libc_nano.a(lib_a-init.o)
 .ARM.attributes
                0x0000000000000287       0x1d e:/apps/stm32cubeide_1.10.0/stm32cubeide/plugins/com.st.stm32cube.ide.mcu.externaltools.gnu-tools-for-stm32.10.3-2021.10.win32_1.0.0.202111181127/tools/bin/../lib/gcc/arm-none-eabi/10.3.1/thumb/v7-m/nofp/crtn.o
OUTPUT(SmartAccess_ControlSystem.elf elf32-littlearm)
LOAD linker stubs
LOAD e:/apps/stm32cubeide_1.10.0/stm32cubeide/plugins/com.st.stm32cube.ide.mcu.externaltools.gnu-tools-for-stm32.10.3-2021.10.win32_1.0.0.202111181127/tools/bin/../lib/gcc/arm-none-eabi/10.3.1/../../../../arm-none-eabi/lib/thumb/v7-m/nofp\libc.a
LOAD e:/apps/stm32cubeide_1.10.0/stm32cubeide/plugins/com.st.stm32cube.ide.mcu.externaltools.gnu-tools-for-stm32.10.3-2021.10.win32_1.0.0.202111181127/tools/bin/../lib/gcc/arm-none-eabi/10.3.1/../../../../arm-none-eabi/lib/thumb/v7-m/nofp\libm.a
LOAD e:/apps/stm32cubeide_1.10.0/stm32cubeide/plugins/com.st.stm32cube.ide.mcu.externaltools.gnu-tools-for-stm32.10.3-2021.10.win32_1.0.0.202111181127/tools/bin/../lib/gcc/arm-none-eabi/10.3.1/thumb/v7-m/nofp\libgcc.a

.debug_info     0x0000000000000000     0x296b
 .debug_info    0x0000000000000000      0x51b ./Application/SACS.o
 .debug_info    0x000000000000051b      0x2ff ./HAL/IR/IR.o
 .debug_info    0x000000000000081a      0x470 ./HAL/LCD/LCD.o
 .debug_info    0x0000000000000c8a      0x33c ./HAL/Light/Light.o
 .debug_info    0x0000000000000fc6      0x22c ./HAL/PC_Display/PC_Display.o
 .debug_info    0x00000000000011f2      0x512 ./STM32F103_MCAL/EXTI/EXTI.o
 .debug_info    0x0000000000001704      0x449 ./STM32F103_MCAL/GPIO/gpio.o
 .debug_info    0x0000000000001b4d      0x23c ./STM32F103_MCAL/RCC/RCC.o
 .debug_info    0x0000000000001d89      0x5d0 ./STM32F103_MCAL/SPI/SPI.o
 .debug_info    0x0000000000002359      0x540 ./STM32F103_MCAL/UART/UART.o
 .debug_info    0x0000000000002899       0xb0 ./Src/main.o
 .debug_info    0x0000000000002949       0x22 ./Startup/startup_stm32f103c8tx.o

.debug_abbrev   0x0000000000000000      0xcb9
 .debug_abbrev  0x0000000000000000      0x152 ./Application/SACS.o
 .debug_abbrev  0x0000000000000152      0x126 ./HAL/IR/IR.o
 .debug_abbrev  0x0000000000000278      0x139 ./HAL/LCD/LCD.o
 .debug_abbrev  0x00000000000003b1      0x120 ./HAL/Light/Light.o
 .debug_abbrev  0x00000000000004d1       0xe5 ./HAL/PC_Display/PC_Display.o
 .debug_abbrev  0x00000000000005b6      0x17e ./STM32F103_MCAL/EXTI/EXTI.o
 .debug_abbrev  0x0000000000000734      0x104 ./STM32F103_MCAL/GPIO/gpio.o
 .debug_abbrev  0x0000000000000838       0xe4 ./STM32F103_MCAL/RCC/RCC.o
 .debug_abbrev  0x000000000000091c      0x17e ./STM32F103_MCAL/SPI/SPI.o
 .debug_abbrev  0x0000000000000a9a      0x1ac ./STM32F103_MCAL/UART/UART.o
 .debug_abbrev  0x0000000000000c46       0x61 ./Src/main.o
 .debug_abbrev  0x0000000000000ca7       0x12 ./Startup/startup_stm32f103c8tx.o

.debug_aranges  0x0000000000000000      0x2e8
 .debug_aranges
                0x0000000000000000       0x30 ./Application/SACS.o
 .debug_aranges
                0x0000000000000030       0x28 ./HAL/IR/IR.o
 .debug_aranges
                0x0000000000000058       0x48 ./HAL/LCD/LCD.o
 .debug_aranges
                0x00000000000000a0       0x30 ./HAL/Light/Light.o
 .debug_aranges
                0x00000000000000d0       0x28 ./HAL/PC_Display/PC_Display.o
 .debug_aranges
                0x00000000000000f8       0x70 ./STM32F103_MCAL/EXTI/EXTI.o
 .debug_aranges
                0x0000000000000168       0x60 ./STM32F103_MCAL/GPIO/gpio.o
 .debug_aranges
                0x00000000000001c8       0x38 ./STM32F103_MCAL/RCC/RCC.o
 .debug_aranges
                0x0000000000000200       0x48 ./STM32F103_MCAL/SPI/SPI.o
 .debug_aranges
                0x0000000000000248       0x58 ./STM32F103_MCAL/UART/UART.o
 .debug_aranges
                0x00000000000002a0       0x20 ./Src/main.o
 .debug_aranges
                0x00000000000002c0       0x28 ./Startup/startup_stm32f103c8tx.o

.debug_ranges   0x0000000000000000      0x230
 .debug_ranges  0x0000000000000000       0x20 ./Application/SACS.o
 .debug_ranges  0x0000000000000020       0x18 ./HAL/IR/IR.o
 .debug_ranges  0x0000000000000038       0x38 ./HAL/LCD/LCD.o
 .debug_ranges  0x0000000000000070       0x20 ./HAL/Light/Light.o
 .debug_ranges  0x0000000000000090       0x18 ./HAL/PC_Display/PC_Display.o
 .debug_ranges  0x00000000000000a8       0x60 ./STM32F103_MCAL/EXTI/EXTI.o
 .debug_ranges  0x0000000000000108       0x50 ./STM32F103_MCAL/GPIO/gpio.o
 .debug_ranges  0x0000000000000158       0x28 ./STM32F103_MCAL/RCC/RCC.o
 .debug_ranges  0x0000000000000180       0x38 ./STM32F103_MCAL/SPI/SPI.o
 .debug_ranges  0x00000000000001b8       0x48 ./STM32F103_MCAL/UART/UART.o
 .debug_ranges  0x0000000000000200       0x10 ./Src/main.o
 .debug_ranges  0x0000000000000210       0x20 ./Startup/startup_stm32f103c8tx.o

.debug_macro    0x0000000000000000     0x3be1
 .debug_macro   0x0000000000000000      0x243 ./Application/SACS.o
 .debug_macro   0x0000000000000243      0xa72 ./Application/SACS.o
 .debug_macro   0x0000000000000cb5       0x22 ./Application/SACS.o
 .debug_macro   0x0000000000000cd7       0x4c ./Application/SACS.o
 .debug_macro   0x0000000000000d23       0x18 ./Application/SACS.o
 .debug_macro   0x0000000000000d3b       0x94 ./Application/SACS.o
 .debug_macro   0x0000000000000dcf       0x3c ./Application/SACS.o
 .debug_macro   0x0000000000000e0b       0x34 ./Application/SACS.o
 .debug_macro   0x0000000000000e3f       0x16 ./Application/SACS.o
 .debug_macro   0x0000000000000e55       0x57 ./Application/SACS.o
 .debug_macro   0x0000000000000eac       0x97 ./Application/SACS.o
 .debug_macro   0x0000000000000f43      0x341 ./Application/SACS.o
 .debug_macro   0x0000000000001284       0xfd ./Application/SACS.o
 .debug_macro   0x0000000000001381       0x10 ./Application/SACS.o
 .debug_macro   0x0000000000001391       0x16 ./Application/SACS.o
 .debug_macro   0x00000000000013a7       0x43 ./Application/SACS.o
 .debug_macro   0x00000000000013ea       0x34 ./Application/SACS.o
 .debug_macro   0x000000000000141e       0x10 ./Application/SACS.o
 .debug_macro   0x000000000000142e       0x58 ./Application/SACS.o
 .debug_macro   0x0000000000001486       0x71 ./Application/SACS.o
 .debug_macro   0x00000000000014f7       0x1c ./Application/SACS.o
 .debug_macro   0x0000000000001513      0x12a ./Application/SACS.o
 .debug_macro   0x000000000000163d       0x10 ./Application/SACS.o
 .debug_macro   0x000000000000164d       0x6a ./Application/SACS.o
 .debug_macro   0x00000000000016b7       0x1c ./Application/SACS.o
 .debug_macro   0x00000000000016d3       0x52 ./Application/SACS.o
 .debug_macro   0x0000000000001725       0x22 ./Application/SACS.o
 .debug_macro   0x0000000000001747       0x10 ./Application/SACS.o
 .debug_macro   0x0000000000001757       0x52 ./Application/SACS.o
 .debug_macro   0x00000000000017a9       0xd5 ./Application/SACS.o
 .debug_macro   0x000000000000187e       0x1c ./Application/SACS.o
 .debug_macro   0x000000000000189a       0x3d ./Application/SACS.o
 .debug_macro   0x00000000000018d7       0x16 ./Application/SACS.o
 .debug_macro   0x00000000000018ed      0x145 ./Application/SACS.o
 .debug_macro   0x0000000000001a32       0x16 ./Application/SACS.o
 .debug_macro   0x0000000000001a48       0x35 ./Application/SACS.o
 .debug_macro   0x0000000000001a7d       0x16 ./Application/SACS.o
 .debug_macro   0x0000000000001a93       0x29 ./Application/SACS.o
 .debug_macro   0x0000000000001abc      0x24f ./Application/SACS.o
 .debug_macro   0x0000000000001d0b       0xe2 ./Application/SACS.o
 .debug_macro   0x0000000000001ded      0x16c ./Application/SACS.o
 .debug_macro   0x0000000000001f59       0x7c ./Application/SACS.o
 .debug_macro   0x0000000000001fd5       0x16 ./Application/SACS.o
 .debug_macro   0x0000000000001feb       0x52 ./Application/SACS.o
 .debug_macro   0x000000000000203d      0x1fb ./HAL/IR/IR.o
 .debug_macro   0x0000000000002238      0x1f4 ./HAL/LCD/LCD.o
 .debug_macro   0x000000000000242c      0x10e ./HAL/LCD/LCD.o
 .debug_macro   0x000000000000253a       0x8d ./HAL/LCD/LCD.o
 .debug_macro   0x00000000000025c7       0x1c ./HAL/LCD/LCD.o
 .debug_macro   0x00000000000025e3      0x255 ./HAL/LCD/LCD.o
 .debug_macro   0x0000000000002838       0x76 ./HAL/LCD/LCD.o
 .debug_macro   0x00000000000028ae      0x204 ./HAL/Light/Light.o
 .debug_macro   0x0000000000002ab2      0x213 ./HAL/PC_Display/PC_Display.o
 .debug_macro   0x0000000000002cc5      0x1fa ./STM32F103_MCAL/EXTI/EXTI.o
 .debug_macro   0x0000000000002ebf       0xe8 ./STM32F103_MCAL/EXTI/EXTI.o
 .debug_macro   0x0000000000002fa7      0x166 ./STM32F103_MCAL/EXTI/EXTI.o
 .debug_macro   0x000000000000310d      0x1f1 ./STM32F103_MCAL/GPIO/gpio.o
 .debug_macro   0x00000000000032fe      0x1eb ./STM32F103_MCAL/RCC/RCC.o
 .debug_macro   0x00000000000034e9      0x1fa ./STM32F103_MCAL/SPI/SPI.o
 .debug_macro   0x00000000000036e3       0xb2 ./STM32F103_MCAL/SPI/SPI.o
 .debug_macro   0x0000000000003795      0x209 ./STM32F103_MCAL/UART/UART.o
 .debug_macro   0x000000000000399e      0x243 ./Src/main.o

.debug_line     0x0000000000000000     0x5aa1
 .debug_line    0x0000000000000000      0x8ef ./Application/SACS.o
 .debug_line    0x00000000000008ef      0x66a ./HAL/IR/IR.o
 .debug_line    0x0000000000000f59      0x976 ./HAL/LCD/LCD.o
 .debug_line    0x00000000000018cf      0x6fa ./HAL/Light/Light.o
 .debug_line    0x0000000000001fc9      0x6f9 ./HAL/PC_Display/PC_Display.o
 .debug_line    0x00000000000026c2      0x9b0 ./STM32F103_MCAL/EXTI/EXTI.o
 .debug_line    0x0000000000003072      0x81f ./STM32F103_MCAL/GPIO/gpio.o
 .debug_line    0x0000000000003891      0x653 ./STM32F103_MCAL/RCC/RCC.o
 .debug_line    0x0000000000003ee4      0x92a ./STM32F103_MCAL/SPI/SPI.o
 .debug_line    0x000000000000480e      0x983 ./STM32F103_MCAL/UART/UART.o
 .debug_line    0x0000000000005191      0x88c ./Src/main.o
 .debug_line    0x0000000000005a1d       0x84 ./Startup/startup_stm32f103c8tx.o

.debug_str      0x0000000000000000     0x9f9f
 .debug_str     0x0000000000000000     0x93fd ./Application/SACS.o
                                       0x9594 (size before relaxing)
 .debug_str     0x00000000000093fd       0x8e ./HAL/IR/IR.o
                                       0x83bb (size before relaxing)
 .debug_str     0x000000000000948b       0x8a ./HAL/LCD/LCD.o
                                       0x86bc (size before relaxing)
 .debug_str     0x0000000000009515       0x48 ./HAL/Light/Light.o
                                       0x8ee4 (size before relaxing)
 .debug_str     0x000000000000955d      0x134 ./HAL/PC_Display/PC_Display.o
                                       0x84f5 (size before relaxing)
 .debug_str     0x0000000000009691      0x1a1 ./STM32F103_MCAL/EXTI/EXTI.o
                                       0x8f96 (size before relaxing)
 .debug_str     0x0000000000009832       0x8c ./STM32F103_MCAL/GPIO/gpio.o
                                       0x83af (size before relaxing)
 .debug_str     0x00000000000098be       0x78 ./STM32F103_MCAL/RCC/RCC.o
                                       0x7fc3 (size before relaxing)
 .debug_str     0x0000000000009936      0x56c ./STM32F103_MCAL/SPI/SPI.o
                                       0x885f (size before relaxing)
 .debug_str     0x0000000000009ea2       0xb9 ./STM32F103_MCAL/UART/UART.o
                                       0x8631 (size before relaxing)
 .debug_str     0x0000000000009f5b       0x13 ./Src/main.o
                                       0x91e9 (size before relaxing)
 .debug_str     0x0000000000009f6e       0x31 ./Startup/startup_stm32f103c8tx.o
                                         0x6d (size before relaxing)

.comment        0x0000000000000000       0x50
 .comment       0x0000000000000000       0x50 ./Application/SACS.o
                                         0x51 (size before relaxing)
 .comment       0x0000000000000050       0x51 ./HAL/IR/IR.o
 .comment       0x0000000000000050       0x51 ./HAL/LCD/LCD.o
 .comment       0x0000000000000050       0x51 ./HAL/Light/Light.o
 .comment       0x0000000000000050       0x51 ./HAL/PC_Display/PC_Display.o
 .comment       0x0000000000000050       0x51 ./STM32F103_MCAL/EXTI/EXTI.o
 .comment       0x0000000000000050       0x51 ./STM32F103_MCAL/GPIO/gpio.o
 .comment       0x0000000000000050       0x51 ./STM32F103_MCAL/RCC/RCC.o
 .comment       0x0000000000000050       0x51 ./STM32F103_MCAL/SPI/SPI.o
 .comment       0x0000000000000050       0x51 ./STM32F103_MCAL/UART/UART.o
 .comment       0x0000000000000050       0x51 ./Src/main.o

.debug_frame    0x0000000000000000      0x878
 .debug_frame   0x0000000000000000       0x6c ./Application/SACS.o
 .debug_frame   0x000000000000006c       0x58 ./HAL/IR/IR.o
 .debug_frame   0x00000000000000c4       0xec ./HAL/LCD/LCD.o
 .debug_frame   0x00000000000001b0       0x7c ./HAL/Light/Light.o
 .debug_frame   0x000000000000022c       0x58 ./HAL/PC_Display/PC_Display.o
 .debug_frame   0x0000000000000284      0x16c ./STM32F103_MCAL/EXTI/EXTI.o
 .debug_frame   0x00000000000003f0      0x178 ./STM32F103_MCAL/GPIO/gpio.o
 .debug_frame   0x0000000000000568       0x9c ./STM32F103_MCAL/RCC/RCC.o
 .debug_frame   0x0000000000000604       0xf8 ./STM32F103_MCAL/SPI/SPI.o
 .debug_frame   0x00000000000006fc      0x124 ./STM32F103_MCAL/UART/UART.o
 .debug_frame   0x0000000000000820       0x2c ./Src/main.o
 .debug_frame   0x000000000000084c       0x2c e:/apps/stm32cubeide_1.10.0/stm32cubeide/plugins/com.st.stm32cube.ide.mcu.externaltools.gnu-tools-for-stm32.10.3-2021.10.win32_1.0.0.202111181127/tools/bin/../lib/gcc/arm-none-eabi/10.3.1/../../../../arm-none-eabi/lib/thumb/v7-m/nofp\libc_nano.a(lib_a-init.o)
